// Jest Snapshot v1, https://goo.gl/fbAQLP

exports[`Icon matches the snapshot 1`] = `
<SvgMock
  height={20}
  width={20}
/>
`;

exports[`Icon matches the snapshot 2`] = `
<SvgMock
  height={20}
  width={20}
/>
`;

exports[`Icon matches the snapshot 3`] = `
<SvgMock
  height={20}
  width={20}
/>
`;

exports[`Icon matches the snapshot 4`] = `
<SvgMock
  height={20}
  width={20}
/>
`;

exports[`Icon matches the snapshot 5`] = `
<SvgMock
  height={20}
  width={20}
/>
`;

exports[`Icon matches the snapshot 6`] = `
<SvgMock
  height={20}
  width={20}
/>
`;
