// Jest Snapshot v1, https://goo.gl/fbAQLP

exports[`Icon matches the snapshot FastForward 1`] = `
<SvgMock
  height={20}
  width={20}
/>
`;

exports[`Icon matches the snapshot Mute 1`] = `
<SvgMock
  height={20}
  width={20}
/>
`;

exports[`Icon matches the snapshot Pause 1`] = `
<SvgMock
  height={20}
  width={20}
/>
`;

exports[`Icon matches the snapshot Play 1`] = `
<SvgMock
  height={20}
  width={20}
/>
`;

exports[`Icon matches the snapshot Rewind 1`] = `
<SvgMock
  height={20}
  width={20}
/>
`;

exports[`Icon matches the snapshot Sound 1`] = `
<SvgMock
  height={20}
  width={20}
/>
`;
